// Jest Snapshot v1, https://goo.gl/fbAQLP

exports[`FilmsList render 1`] = `
<div
  className="catalog__movies-list"
>
  <article
    className="small-movie-card catalog__movies-card"
    onMouseEnter={[Function]}
    onMouseLeave={[Function]}
  >
    <div
      className="small-movie-card__image"
    >
      <video
        autoPlay={false}
        muted={true}
        poster="img/the-grand-budapest-hotel.jpg"
        src="https://some-link"
      />
    </div>
    <h3
      className="small-movie-card__title"
    >
      <a
        className="small-movie-card__link"
        onClick={[Function]}
      >
        The Grand Budapest Hotel
      </a>
    </h3>
  </article>
  <article
    className="small-movie-card catalog__movies-card"
    onMouseEnter={[Function]}
    onMouseLeave={[Function]}
  >
    <div
      className="small-movie-card__image"
    >
      <video
        autoPlay={false}
        muted={true}
        poster="img/the-grand-budapest-hotel.jpg"
        src="https://some-link"
      />
    </div>
    <h3
      className="small-movie-card__title"
    >
      <a
        className="small-movie-card__link"
        onClick={[Function]}
      >
        Fantastic Beasts: The Crimes of Grindelwald
      </a>
    </h3>
  </article>
  <article
    className="small-movie-card catalog__movies-card"
    onMouseEnter={[Function]}
    onMouseLeave={[Function]}
  >
    <div
      className="small-movie-card__image"
    >
      <video
        autoPlay={false}
        muted={true}
        poster="img/the-grand-budapest-hotel.jpg"
        src="https://some-link"
      />
    </div>
    <h3
      className="small-movie-card__title"
    >
      <a
        className="small-movie-card__link"
        onClick={[Function]}
      >
        Bohemian Rhapsody
      </a>
    </h3>
  </article>
  <article
    className="small-movie-card catalog__movies-card"
    onMouseEnter={[Function]}
    onMouseLeave={[Function]}
  >
    <div
      className="small-movie-card__image"
    >
      <video
        autoPlay={false}
        muted={true}
        poster="img/the-grand-budapest-hotel.jpg"
        src="https://some-link"
      />
    </div>
    <h3
      className="small-movie-card__title"
    >
      <a
        className="small-movie-card__link"
        onClick={[Function]}
      >
        keks
      </a>
    </h3>
  </article>
</div>
`;
